MinionPro-Bold--lcdfj MinionPro-BoldLCDFJ "" <MinionPro-BoldLCDFJ.pfb
MinionPro-Bold-Base-aa MinionPro-Bold "MinionPro-Base-Encoding-aa ReEncodeFont" <[base-MinionPro-aa.enc <MinionPro-Bold.pfb
MinionPro-Bold-Base-ab MinionPro-Bold "MinionPro-Base-Encoding-ab ReEncodeFont" <[base-MinionPro-ab.enc <MinionPro-Bold.pfb
MinionPro-Bold-Base-ac MinionPro-Bold "MinionPro-Base-Encoding-ac ReEncodeFont" <[base-MinionPro-ac.enc <MinionPro-Bold.pfb
MinionPro-Bold-Base-ad MinionPro-Bold "MinionPro-Base-Encoding-ad ReEncodeFont" <[base-MinionPro-ad.enc <MinionPro-Bold.pfb
MinionPro-Bold-Base-ae MinionPro-Bold "MinionPro-Base-Encoding-ae ReEncodeFont" <[base-MinionPro-ae.enc <MinionPro-Bold.pfb
MinionPro-BoldCapt--lcdfj MinionPro-BoldCaptLCDFJ "" <MinionPro-BoldCaptLCDFJ.pfb
MinionPro-BoldCapt-Base-aa MinionPro-BoldCapt "MinionPro-Base-Encoding-aa ReEncodeFont" <[base-MinionPro-aa.enc <MinionPro-BoldCapt.pfb
MinionPro-BoldCapt-Base-ab MinionPro-BoldCapt "MinionPro-Base-Encoding-ab ReEncodeFont" <[base-MinionPro-ab.enc <MinionPro-BoldCapt.pfb
MinionPro-BoldCapt-Base-ac MinionPro-BoldCapt "MinionPro-Base-Encoding-ac ReEncodeFont" <[base-MinionPro-ac.enc <MinionPro-BoldCapt.pfb
MinionPro-BoldCapt-Base-ad MinionPro-BoldCapt "MinionPro-Base-Encoding-ad ReEncodeFont" <[base-MinionPro-ad.enc <MinionPro-BoldCapt.pfb
MinionPro-BoldCapt-Base-ae MinionPro-BoldCapt "MinionPro-Base-Encoding-ae ReEncodeFont" <[base-MinionPro-ae.enc <MinionPro-BoldCapt.pfb
MinionPro-BoldDisp--lcdfj MinionPro-BoldDispLCDFJ "" <MinionPro-BoldDispLCDFJ.pfb
MinionPro-BoldDisp-Base-aa MinionPro-BoldDisp "MinionPro-Base-Encoding-aa ReEncodeFont" <[base-MinionPro-aa.enc <MinionPro-BoldDisp.pfb
MinionPro-BoldDisp-Base-ab MinionPro-BoldDisp "MinionPro-Base-Encoding-ab ReEncodeFont" <[base-MinionPro-ab.enc <MinionPro-BoldDisp.pfb
MinionPro-BoldDisp-Base-ac MinionPro-BoldDisp "MinionPro-Base-Encoding-ac ReEncodeFont" <[base-MinionPro-ac.enc <MinionPro-BoldDisp.pfb
MinionPro-BoldDisp-Base-ad MinionPro-BoldDisp "MinionPro-Base-Encoding-ad ReEncodeFont" <[base-MinionPro-ad.enc <MinionPro-BoldDisp.pfb
MinionPro-BoldDisp-Base-ae MinionPro-BoldDisp "MinionPro-Base-Encoding-ae ReEncodeFont" <[base-MinionPro-ae.enc <MinionPro-BoldDisp.pfb
MinionPro-BoldIt--lcdfj MinionPro-BoldItLCDFJ "" <MinionPro-BoldItLCDFJ.pfb
MinionPro-BoldIt-Base-aa MinionPro-BoldIt "MinionPro-Base-Encoding-aa ReEncodeFont" <[base-MinionPro-aa.enc <MinionPro-BoldIt.pfb
MinionPro-BoldIt-Base-ab MinionPro-BoldIt "MinionPro-Base-Encoding-ab ReEncodeFont" <[base-MinionPro-ab.enc <MinionPro-BoldIt.pfb
MinionPro-BoldIt-Base-ac MinionPro-BoldIt "MinionPro-Base-Encoding-ac ReEncodeFont" <[base-MinionPro-ac.enc <MinionPro-BoldIt.pfb
MinionPro-BoldIt-Base-ad MinionPro-BoldIt "MinionPro-Base-Encoding-ad ReEncodeFont" <[base-MinionPro-ad.enc <MinionPro-BoldIt.pfb
MinionPro-BoldIt-Base-ae MinionPro-BoldIt "MinionPro-Base-Encoding-ae ReEncodeFont" <[base-MinionPro-ae.enc <MinionPro-BoldIt.pfb
MinionPro-BoldIt-integral MinionPro-BoldIt "MinionPro-Base-Encoding-ad ReEncodeFont" <[base-MinionPro-ad.enc <MinionPro-BoldIt.pfb
MinionPro-BoldIt-integral-cn1 MinionPro-BoldIt "0.85 ExtendFont MinionPro-Base-Encoding-ad ReEncodeFont" <[base-MinionPro-ad.enc <MinionPro-BoldIt.pfb
MinionPro-BoldIt-integral-cn2 MinionPro-BoldIt "0.75 ExtendFont 0.04 SlantFont MinionPro-Base-Encoding-ad ReEncodeFont" <[base-MinionPro-ad.enc <MinionPro-BoldIt.pfb
MinionPro-BoldItCapt--lcdfj MinionPro-BoldItCaptLCDFJ "" <MinionPro-BoldItCaptLCDFJ.pfb
MinionPro-BoldItCapt-Base-aa MinionPro-BoldItCapt "MinionPro-Base-Encoding-aa ReEncodeFont" <[base-MinionPro-aa.enc <MinionPro-BoldItCapt.pfb
MinionPro-BoldItCapt-Base-ab MinionPro-BoldItCapt "MinionPro-Base-Encoding-ab ReEncodeFont" <[base-MinionPro-ab.enc <MinionPro-BoldItCapt.pfb
MinionPro-BoldItCapt-Base-ac MinionPro-BoldItCapt "MinionPro-Base-Encoding-ac ReEncodeFont" <[base-MinionPro-ac.enc <MinionPro-BoldItCapt.pfb
MinionPro-BoldItCapt-Base-ad MinionPro-BoldItCapt "MinionPro-Base-Encoding-ad ReEncodeFont" <[base-MinionPro-ad.enc <MinionPro-BoldItCapt.pfb
MinionPro-BoldItCapt-Base-ae MinionPro-BoldItCapt "MinionPro-Base-Encoding-ae ReEncodeFont" <[base-MinionPro-ae.enc <MinionPro-BoldItCapt.pfb
MinionPro-BoldItCapt-integral MinionPro-BoldItCapt "MinionPro-Base-Encoding-ad ReEncodeFont" <[base-MinionPro-ad.enc <MinionPro-BoldItCapt.pfb
MinionPro-BoldItCapt-integral-cn1 MinionPro-BoldItCapt "0.85 ExtendFont MinionPro-Base-Encoding-ad ReEncodeFont" <[base-MinionPro-ad.enc <MinionPro-BoldItCapt.pfb
MinionPro-BoldItCapt-integral-cn2 MinionPro-BoldItCapt "0.75 ExtendFont 0.04 SlantFont MinionPro-Base-Encoding-ad ReEncodeFont" <[base-MinionPro-ad.enc <MinionPro-BoldItCapt.pfb
MinionPro-BoldItDisp--lcdfj MinionPro-BoldItDispLCDFJ "" <MinionPro-BoldItDispLCDFJ.pfb
MinionPro-BoldItDisp-Base-aa MinionPro-BoldItDisp "MinionPro-Base-Encoding-aa ReEncodeFont" <[base-MinionPro-aa.enc <MinionPro-BoldItDisp.pfb
MinionPro-BoldItDisp-Base-ab MinionPro-BoldItDisp "MinionPro-Base-Encoding-ab ReEncodeFont" <[base-MinionPro-ab.enc <MinionPro-BoldItDisp.pfb
MinionPro-BoldItDisp-Base-ac MinionPro-BoldItDisp "MinionPro-Base-Encoding-ac ReEncodeFont" <[base-MinionPro-ac.enc <MinionPro-BoldItDisp.pfb
MinionPro-BoldItDisp-Base-ad MinionPro-BoldItDisp "MinionPro-Base-Encoding-ad ReEncodeFont" <[base-MinionPro-ad.enc <MinionPro-BoldItDisp.pfb
MinionPro-BoldItDisp-Base-ae MinionPro-BoldItDisp "MinionPro-Base-Encoding-ae ReEncodeFont" <[base-MinionPro-ae.enc <MinionPro-BoldItDisp.pfb
MinionPro-BoldItDisp-integral MinionPro-BoldItDisp "MinionPro-Base-Encoding-ad ReEncodeFont" <[base-MinionPro-ad.enc <MinionPro-BoldItDisp.pfb
MinionPro-BoldItDisp-integral-cn1 MinionPro-BoldItDisp "0.85 ExtendFont MinionPro-Base-Encoding-ad ReEncodeFont" <[base-MinionPro-ad.enc <MinionPro-BoldItDisp.pfb
MinionPro-BoldItDisp-integral-cn2 MinionPro-BoldItDisp "0.75 ExtendFont 0.04 SlantFont MinionPro-Base-Encoding-ad ReEncodeFont" <[base-MinionPro-ad.enc <MinionPro-BoldItDisp.pfb
MinionPro-BoldItSubh--lcdfj MinionPro-BoldItSubhLCDFJ "" <MinionPro-BoldItSubhLCDFJ.pfb
MinionPro-BoldItSubh-Base-aa MinionPro-BoldItSubh "MinionPro-Base-Encoding-aa ReEncodeFont" <[base-MinionPro-aa.enc <MinionPro-BoldItSubh.pfb
MinionPro-BoldItSubh-Base-ab MinionPro-BoldItSubh "MinionPro-Base-Encoding-ab ReEncodeFont" <[base-MinionPro-ab.enc <MinionPro-BoldItSubh.pfb
MinionPro-BoldItSubh-Base-ac MinionPro-BoldItSubh "MinionPro-Base-Encoding-ac ReEncodeFont" <[base-MinionPro-ac.enc <MinionPro-BoldItSubh.pfb
MinionPro-BoldItSubh-Base-ad MinionPro-BoldItSubh "MinionPro-Base-Encoding-ad ReEncodeFont" <[base-MinionPro-ad.enc <MinionPro-BoldItSubh.pfb
MinionPro-BoldItSubh-Base-ae MinionPro-BoldItSubh "MinionPro-Base-Encoding-ae ReEncodeFont" <[base-MinionPro-ae.enc <MinionPro-BoldItSubh.pfb
MinionPro-BoldItSubh-integral MinionPro-BoldItSubh "MinionPro-Base-Encoding-ad ReEncodeFont" <[base-MinionPro-ad.enc <MinionPro-BoldItSubh.pfb
MinionPro-BoldItSubh-integral-cn1 MinionPro-BoldItSubh "0.85 ExtendFont MinionPro-Base-Encoding-ad ReEncodeFont" <[base-MinionPro-ad.enc <MinionPro-BoldItSubh.pfb
MinionPro-BoldItSubh-integral-cn2 MinionPro-BoldItSubh "0.75 ExtendFont 0.04 SlantFont MinionPro-Base-Encoding-ad ReEncodeFont" <[base-MinionPro-ad.enc <MinionPro-BoldItSubh.pfb
MinionPro-BoldSubh--lcdfj MinionPro-BoldSubhLCDFJ "" <MinionPro-BoldSubhLCDFJ.pfb
MinionPro-BoldSubh-Base-aa MinionPro-BoldSubh "MinionPro-Base-Encoding-aa ReEncodeFont" <[base-MinionPro-aa.enc <MinionPro-BoldSubh.pfb
MinionPro-BoldSubh-Base-ab MinionPro-BoldSubh "MinionPro-Base-Encoding-ab ReEncodeFont" <[base-MinionPro-ab.enc <MinionPro-BoldSubh.pfb
MinionPro-BoldSubh-Base-ac MinionPro-BoldSubh "MinionPro-Base-Encoding-ac ReEncodeFont" <[base-MinionPro-ac.enc <MinionPro-BoldSubh.pfb
MinionPro-BoldSubh-Base-ad MinionPro-BoldSubh "MinionPro-Base-Encoding-ad ReEncodeFont" <[base-MinionPro-ad.enc <MinionPro-BoldSubh.pfb
MinionPro-BoldSubh-Base-ae MinionPro-BoldSubh "MinionPro-Base-Encoding-ae ReEncodeFont" <[base-MinionPro-ae.enc <MinionPro-BoldSubh.pfb
MinionPro-Capt--lcdfj MinionPro-CaptLCDFJ "" <MinionPro-CaptLCDFJ.pfb
MinionPro-Capt-Base-aa MinionPro-Capt "MinionPro-Base-Encoding-aa ReEncodeFont" <[base-MinionPro-aa.enc <MinionPro-Capt.pfb
MinionPro-Capt-Base-ab MinionPro-Capt "MinionPro-Base-Encoding-ab ReEncodeFont" <[base-MinionPro-ab.enc <MinionPro-Capt.pfb
MinionPro-Capt-Base-ac MinionPro-Capt "MinionPro-Base-Encoding-ac ReEncodeFont" <[base-MinionPro-ac.enc <MinionPro-Capt.pfb
MinionPro-Capt-Base-ad MinionPro-Capt "MinionPro-Base-Encoding-ad ReEncodeFont" <[base-MinionPro-ad.enc <MinionPro-Capt.pfb
MinionPro-Capt-Base-ae MinionPro-Capt "MinionPro-Base-Encoding-ae ReEncodeFont" <[base-MinionPro-ae.enc <MinionPro-Capt.pfb
MinionPro-Disp--lcdfj MinionPro-DispLCDFJ "" <MinionPro-DispLCDFJ.pfb
MinionPro-Disp-Base-aa MinionPro-Disp "MinionPro-Base-Encoding-aa ReEncodeFont" <[base-MinionPro-aa.enc <MinionPro-Disp.pfb
MinionPro-Disp-Base-ab MinionPro-Disp "MinionPro-Base-Encoding-ab ReEncodeFont" <[base-MinionPro-ab.enc <MinionPro-Disp.pfb
MinionPro-Disp-Base-ac MinionPro-Disp "MinionPro-Base-Encoding-ac ReEncodeFont" <[base-MinionPro-ac.enc <MinionPro-Disp.pfb
MinionPro-Disp-Base-ad MinionPro-Disp "MinionPro-Base-Encoding-ad ReEncodeFont" <[base-MinionPro-ad.enc <MinionPro-Disp.pfb
MinionPro-Disp-Base-ae MinionPro-Disp "MinionPro-Base-Encoding-ae ReEncodeFont" <[base-MinionPro-ae.enc <MinionPro-Disp.pfb
MinionPro-It--lcdfj MinionPro-ItLCDFJ "" <MinionPro-ItLCDFJ.pfb
MinionPro-It-Base-aa MinionPro-It "MinionPro-Base-Encoding-aa ReEncodeFont" <[base-MinionPro-aa.enc <MinionPro-It.pfb
MinionPro-It-Base-ab MinionPro-It "MinionPro-Base-Encoding-ab ReEncodeFont" <[base-MinionPro-ab.enc <MinionPro-It.pfb
MinionPro-It-Base-ac MinionPro-It "MinionPro-Base-Encoding-ac ReEncodeFont" <[base-MinionPro-ac.enc <MinionPro-It.pfb
MinionPro-It-Base-ad MinionPro-It "MinionPro-Base-Encoding-ad ReEncodeFont" <[base-MinionPro-ad.enc <MinionPro-It.pfb
MinionPro-It-Base-ae MinionPro-It "MinionPro-Base-Encoding-ae ReEncodeFont" <[base-MinionPro-ae.enc <MinionPro-It.pfb
MinionPro-It-integral MinionPro-It "MinionPro-Base-Encoding-ad ReEncodeFont" <[base-MinionPro-ad.enc <MinionPro-It.pfb
MinionPro-It-integral-cn1 MinionPro-It "0.85 ExtendFont MinionPro-Base-Encoding-ad ReEncodeFont" <[base-MinionPro-ad.enc <MinionPro-It.pfb
MinionPro-It-integral-cn2 MinionPro-It "0.75 ExtendFont 0.04 SlantFont MinionPro-Base-Encoding-ad ReEncodeFont" <[base-MinionPro-ad.enc <MinionPro-It.pfb
MinionPro-ItCapt--lcdfj MinionPro-ItCaptLCDFJ "" <MinionPro-ItCaptLCDFJ.pfb
MinionPro-ItCapt-Base-aa MinionPro-ItCapt "MinionPro-Base-Encoding-aa ReEncodeFont" <[base-MinionPro-aa.enc <MinionPro-ItCapt.pfb
MinionPro-ItCapt-Base-ab MinionPro-ItCapt "MinionPro-Base-Encoding-ab ReEncodeFont" <[base-MinionPro-ab.enc <MinionPro-ItCapt.pfb
MinionPro-ItCapt-Base-ac MinionPro-ItCapt "MinionPro-Base-Encoding-ac ReEncodeFont" <[base-MinionPro-ac.enc <MinionPro-ItCapt.pfb
MinionPro-ItCapt-Base-ad MinionPro-ItCapt "MinionPro-Base-Encoding-ad ReEncodeFont" <[base-MinionPro-ad.enc <MinionPro-ItCapt.pfb
MinionPro-ItCapt-Base-ae MinionPro-ItCapt "MinionPro-Base-Encoding-ae ReEncodeFont" <[base-MinionPro-ae.enc <MinionPro-ItCapt.pfb
MinionPro-ItCapt-integral MinionPro-ItCapt "MinionPro-Base-Encoding-ad ReEncodeFont" <[base-MinionPro-ad.enc <MinionPro-ItCapt.pfb
MinionPro-ItCapt-integral-cn1 MinionPro-ItCapt "0.85 ExtendFont MinionPro-Base-Encoding-ad ReEncodeFont" <[base-MinionPro-ad.enc <MinionPro-ItCapt.pfb
MinionPro-ItCapt-integral-cn2 MinionPro-ItCapt "0.75 ExtendFont 0.04 SlantFont MinionPro-Base-Encoding-ad ReEncodeFont" <[base-MinionPro-ad.enc <MinionPro-ItCapt.pfb
MinionPro-ItDisp--lcdfj MinionPro-ItDispLCDFJ "" <MinionPro-ItDispLCDFJ.pfb
MinionPro-ItDisp-Base-aa MinionPro-ItDisp "MinionPro-Base-Encoding-aa ReEncodeFont" <[base-MinionPro-aa.enc <MinionPro-ItDisp.pfb
MinionPro-ItDisp-Base-ab MinionPro-ItDisp "MinionPro-Base-Encoding-ab ReEncodeFont" <[base-MinionPro-ab.enc <MinionPro-ItDisp.pfb
MinionPro-ItDisp-Base-ac MinionPro-ItDisp "MinionPro-Base-Encoding-ac ReEncodeFont" <[base-MinionPro-ac.enc <MinionPro-ItDisp.pfb
MinionPro-ItDisp-Base-ad MinionPro-ItDisp "MinionPro-Base-Encoding-ad ReEncodeFont" <[base-MinionPro-ad.enc <MinionPro-ItDisp.pfb
MinionPro-ItDisp-Base-ae MinionPro-ItDisp "MinionPro-Base-Encoding-ae ReEncodeFont" <[base-MinionPro-ae.enc <MinionPro-ItDisp.pfb
MinionPro-ItDisp-integral MinionPro-ItDisp "MinionPro-Base-Encoding-ad ReEncodeFont" <[base-MinionPro-ad.enc <MinionPro-ItDisp.pfb
MinionPro-ItDisp-integral-cn1 MinionPro-ItDisp "0.85 ExtendFont MinionPro-Base-Encoding-ad ReEncodeFont" <[base-MinionPro-ad.enc <MinionPro-ItDisp.pfb
MinionPro-ItDisp-integral-cn2 MinionPro-ItDisp "0.75 ExtendFont 0.04 SlantFont MinionPro-Base-Encoding-ad ReEncodeFont" <[base-MinionPro-ad.enc <MinionPro-ItDisp.pfb
MinionPro-ItSubh--lcdfj MinionPro-ItSubhLCDFJ "" <MinionPro-ItSubhLCDFJ.pfb
MinionPro-ItSubh-Base-aa MinionPro-ItSubh "MinionPro-Base-Encoding-aa ReEncodeFont" <[base-MinionPro-aa.enc <MinionPro-ItSubh.pfb
MinionPro-ItSubh-Base-ab MinionPro-ItSubh "MinionPro-Base-Encoding-ab ReEncodeFont" <[base-MinionPro-ab.enc <MinionPro-ItSubh.pfb
MinionPro-ItSubh-Base-ac MinionPro-ItSubh "MinionPro-Base-Encoding-ac ReEncodeFont" <[base-MinionPro-ac.enc <MinionPro-ItSubh.pfb
MinionPro-ItSubh-Base-ad MinionPro-ItSubh "MinionPro-Base-Encoding-ad ReEncodeFont" <[base-MinionPro-ad.enc <MinionPro-ItSubh.pfb
MinionPro-ItSubh-Base-ae MinionPro-ItSubh "MinionPro-Base-Encoding-ae ReEncodeFont" <[base-MinionPro-ae.enc <MinionPro-ItSubh.pfb
MinionPro-ItSubh-integral MinionPro-ItSubh "MinionPro-Base-Encoding-ad ReEncodeFont" <[base-MinionPro-ad.enc <MinionPro-ItSubh.pfb
MinionPro-ItSubh-integral-cn1 MinionPro-ItSubh "0.85 ExtendFont MinionPro-Base-Encoding-ad ReEncodeFont" <[base-MinionPro-ad.enc <MinionPro-ItSubh.pfb
MinionPro-ItSubh-integral-cn2 MinionPro-ItSubh "0.75 ExtendFont 0.04 SlantFont MinionPro-Base-Encoding-ad ReEncodeFont" <[base-MinionPro-ad.enc <MinionPro-ItSubh.pfb
MinionPro-Medium--lcdfj MinionPro-MediumLCDFJ "" <MinionPro-MediumLCDFJ.pfb
MinionPro-Medium-Base-aa MinionPro-Medium "MinionPro-Base-Encoding-aa ReEncodeFont" <[base-MinionPro-aa.enc <MinionPro-Medium.pfb
MinionPro-Medium-Base-ab MinionPro-Medium "MinionPro-Base-Encoding-ab ReEncodeFont" <[base-MinionPro-ab.enc <MinionPro-Medium.pfb
MinionPro-Medium-Base-ac MinionPro-Medium "MinionPro-Base-Encoding-ac ReEncodeFont" <[base-MinionPro-ac.enc <MinionPro-Medium.pfb
MinionPro-Medium-Base-ad MinionPro-Medium "MinionPro-Base-Encoding-ad ReEncodeFont" <[base-MinionPro-ad.enc <MinionPro-Medium.pfb
MinionPro-Medium-Base-ae MinionPro-Medium "MinionPro-Base-Encoding-ae ReEncodeFont" <[base-MinionPro-ae.enc <MinionPro-Medium.pfb
MinionPro-MediumCapt--lcdfj MinionPro-MediumCaptLCDFJ "" <MinionPro-MediumCaptLCDFJ.pfb
MinionPro-MediumCapt-Base-aa MinionPro-MediumCapt "MinionPro-Base-Encoding-aa ReEncodeFont" <[base-MinionPro-aa.enc <MinionPro-MediumCapt.pfb
MinionPro-MediumCapt-Base-ab MinionPro-MediumCapt "MinionPro-Base-Encoding-ab ReEncodeFont" <[base-MinionPro-ab.enc <MinionPro-MediumCapt.pfb
MinionPro-MediumCapt-Base-ac MinionPro-MediumCapt "MinionPro-Base-Encoding-ac ReEncodeFont" <[base-MinionPro-ac.enc <MinionPro-MediumCapt.pfb
MinionPro-MediumCapt-Base-ad MinionPro-MediumCapt "MinionPro-Base-Encoding-ad ReEncodeFont" <[base-MinionPro-ad.enc <MinionPro-MediumCapt.pfb
MinionPro-MediumCapt-Base-ae MinionPro-MediumCapt "MinionPro-Base-Encoding-ae ReEncodeFont" <[base-MinionPro-ae.enc <MinionPro-MediumCapt.pfb
MinionPro-MediumDisp--lcdfj MinionPro-MediumDispLCDFJ "" <MinionPro-MediumDispLCDFJ.pfb
MinionPro-MediumDisp-Base-aa MinionPro-MediumDisp "MinionPro-Base-Encoding-aa ReEncodeFont" <[base-MinionPro-aa.enc <MinionPro-MediumDisp.pfb
MinionPro-MediumDisp-Base-ab MinionPro-MediumDisp "MinionPro-Base-Encoding-ab ReEncodeFont" <[base-MinionPro-ab.enc <MinionPro-MediumDisp.pfb
MinionPro-MediumDisp-Base-ac MinionPro-MediumDisp "MinionPro-Base-Encoding-ac ReEncodeFont" <[base-MinionPro-ac.enc <MinionPro-MediumDisp.pfb
MinionPro-MediumDisp-Base-ad MinionPro-MediumDisp "MinionPro-Base-Encoding-ad ReEncodeFont" <[base-MinionPro-ad.enc <MinionPro-MediumDisp.pfb
MinionPro-MediumDisp-Base-ae MinionPro-MediumDisp "MinionPro-Base-Encoding-ae ReEncodeFont" <[base-MinionPro-ae.enc <MinionPro-MediumDisp.pfb
MinionPro-MediumIt--lcdfj MinionPro-MediumItLCDFJ "" <MinionPro-MediumItLCDFJ.pfb
MinionPro-MediumIt-Base-aa MinionPro-MediumIt "MinionPro-Base-Encoding-aa ReEncodeFont" <[base-MinionPro-aa.enc <MinionPro-MediumIt.pfb
MinionPro-MediumIt-Base-ab MinionPro-MediumIt "MinionPro-Base-Encoding-ab ReEncodeFont" <[base-MinionPro-ab.enc <MinionPro-MediumIt.pfb
MinionPro-MediumIt-Base-ac MinionPro-MediumIt "MinionPro-Base-Encoding-ac ReEncodeFont" <[base-MinionPro-ac.enc <MinionPro-MediumIt.pfb
MinionPro-MediumIt-Base-ad MinionPro-MediumIt "MinionPro-Base-Encoding-ad ReEncodeFont" <[base-MinionPro-ad.enc <MinionPro-MediumIt.pfb
MinionPro-MediumIt-Base-ae MinionPro-MediumIt "MinionPro-Base-Encoding-ae ReEncodeFont" <[base-MinionPro-ae.enc <MinionPro-MediumIt.pfb
MinionPro-MediumIt-integral MinionPro-MediumIt "MinionPro-Base-Encoding-ad ReEncodeFont" <[base-MinionPro-ad.enc <MinionPro-MediumIt.pfb
MinionPro-MediumIt-integral-cn1 MinionPro-MediumIt "0.85 ExtendFont MinionPro-Base-Encoding-ad ReEncodeFont" <[base-MinionPro-ad.enc <MinionPro-MediumIt.pfb
MinionPro-MediumIt-integral-cn2 MinionPro-MediumIt "0.75 ExtendFont 0.04 SlantFont MinionPro-Base-Encoding-ad ReEncodeFont" <[base-MinionPro-ad.enc <MinionPro-MediumIt.pfb
MinionPro-MediumItCapt--lcdfj MinionPro-MediumItCaptLCDFJ "" <MinionPro-MediumItCaptLCDFJ.pfb
MinionPro-MediumItCapt-Base-aa MinionPro-MediumItCapt "MinionPro-Base-Encoding-aa ReEncodeFont" <[base-MinionPro-aa.enc <MinionPro-MediumItCapt.pfb
MinionPro-MediumItCapt-Base-ab MinionPro-MediumItCapt "MinionPro-Base-Encoding-ab ReEncodeFont" <[base-MinionPro-ab.enc <MinionPro-MediumItCapt.pfb
MinionPro-MediumItCapt-Base-ac MinionPro-MediumItCapt "MinionPro-Base-Encoding-ac ReEncodeFont" <[base-MinionPro-ac.enc <MinionPro-MediumItCapt.pfb
MinionPro-MediumItCapt-Base-ad MinionPro-MediumItCapt "MinionPro-Base-Encoding-ad ReEncodeFont" <[base-MinionPro-ad.enc <MinionPro-MediumItCapt.pfb
MinionPro-MediumItCapt-Base-ae MinionPro-MediumItCapt "MinionPro-Base-Encoding-ae ReEncodeFont" <[base-MinionPro-ae.enc <MinionPro-MediumItCapt.pfb
MinionPro-MediumItCapt-integral MinionPro-MediumItCapt "MinionPro-Base-Encoding-ad ReEncodeFont" <[base-MinionPro-ad.enc <MinionPro-MediumItCapt.pfb
MinionPro-MediumItCapt-integral-cn1 MinionPro-MediumItCapt "0.85 ExtendFont MinionPro-Base-Encoding-ad ReEncodeFont" <[base-MinionPro-ad.enc <MinionPro-MediumItCapt.pfb
MinionPro-MediumItCapt-integral-cn2 MinionPro-MediumItCapt "0.75 ExtendFont 0.04 SlantFont MinionPro-Base-Encoding-ad ReEncodeFont" <[base-MinionPro-ad.enc <MinionPro-MediumItCapt.pfb
MinionPro-MediumItDisp--lcdfj MinionPro-MediumItDispLCDFJ "" <MinionPro-MediumItDispLCDFJ.pfb
MinionPro-MediumItDisp-Base-aa MinionPro-MediumItDisp "MinionPro-Base-Encoding-aa ReEncodeFont" <[base-MinionPro-aa.enc <MinionPro-MediumItDisp.pfb
MinionPro-MediumItDisp-Base-ab MinionPro-MediumItDisp "MinionPro-Base-Encoding-ab ReEncodeFont" <[base-MinionPro-ab.enc <MinionPro-MediumItDisp.pfb
MinionPro-MediumItDisp-Base-ac MinionPro-MediumItDisp "MinionPro-Base-Encoding-ac ReEncodeFont" <[base-MinionPro-ac.enc <MinionPro-MediumItDisp.pfb
MinionPro-MediumItDisp-Base-ad MinionPro-MediumItDisp "MinionPro-Base-Encoding-ad ReEncodeFont" <[base-MinionPro-ad.enc <MinionPro-MediumItDisp.pfb
MinionPro-MediumItDisp-Base-ae MinionPro-MediumItDisp "MinionPro-Base-Encoding-ae ReEncodeFont" <[base-MinionPro-ae.enc <MinionPro-MediumItDisp.pfb
MinionPro-MediumItDisp-integral MinionPro-MediumItDisp "MinionPro-Base-Encoding-ad ReEncodeFont" <[base-MinionPro-ad.enc <MinionPro-MediumItDisp.pfb
MinionPro-MediumItDisp-integral-cn1 MinionPro-MediumItDisp "0.85 ExtendFont MinionPro-Base-Encoding-ad ReEncodeFont" <[base-MinionPro-ad.enc <MinionPro-MediumItDisp.pfb
MinionPro-MediumItDisp-integral-cn2 MinionPro-MediumItDisp "0.75 ExtendFont 0.04 SlantFont MinionPro-Base-Encoding-ad ReEncodeFont" <[base-MinionPro-ad.enc <MinionPro-MediumItDisp.pfb
MinionPro-MediumItSubh--lcdfj MinionPro-MediumItSubhLCDFJ "" <MinionPro-MediumItSubhLCDFJ.pfb
MinionPro-MediumItSubh-Base-aa MinionPro-MediumItSubh "MinionPro-Base-Encoding-aa ReEncodeFont" <[base-MinionPro-aa.enc <MinionPro-MediumItSubh.pfb
MinionPro-MediumItSubh-Base-ab MinionPro-MediumItSubh "MinionPro-Base-Encoding-ab ReEncodeFont" <[base-MinionPro-ab.enc <MinionPro-MediumItSubh.pfb
MinionPro-MediumItSubh-Base-ac MinionPro-MediumItSubh "MinionPro-Base-Encoding-ac ReEncodeFont" <[base-MinionPro-ac.enc <MinionPro-MediumItSubh.pfb
MinionPro-MediumItSubh-Base-ad MinionPro-MediumItSubh "MinionPro-Base-Encoding-ad ReEncodeFont" <[base-MinionPro-ad.enc <MinionPro-MediumItSubh.pfb
MinionPro-MediumItSubh-Base-ae MinionPro-MediumItSubh "MinionPro-Base-Encoding-ae ReEncodeFont" <[base-MinionPro-ae.enc <MinionPro-MediumItSubh.pfb
MinionPro-MediumItSubh-integral MinionPro-MediumItSubh "MinionPro-Base-Encoding-ad ReEncodeFont" <[base-MinionPro-ad.enc <MinionPro-MediumItSubh.pfb
MinionPro-MediumItSubh-integral-cn1 MinionPro-MediumItSubh "0.85 ExtendFont MinionPro-Base-Encoding-ad ReEncodeFont" <[base-MinionPro-ad.enc <MinionPro-MediumItSubh.pfb
MinionPro-MediumItSubh-integral-cn2 MinionPro-MediumItSubh "0.75 ExtendFont 0.04 SlantFont MinionPro-Base-Encoding-ad ReEncodeFont" <[base-MinionPro-ad.enc <MinionPro-MediumItSubh.pfb
MinionPro-MediumSubh--lcdfj MinionPro-MediumSubhLCDFJ "" <MinionPro-MediumSubhLCDFJ.pfb
MinionPro-MediumSubh-Base-aa MinionPro-MediumSubh "MinionPro-Base-Encoding-aa ReEncodeFont" <[base-MinionPro-aa.enc <MinionPro-MediumSubh.pfb
MinionPro-MediumSubh-Base-ab MinionPro-MediumSubh "MinionPro-Base-Encoding-ab ReEncodeFont" <[base-MinionPro-ab.enc <MinionPro-MediumSubh.pfb
MinionPro-MediumSubh-Base-ac MinionPro-MediumSubh "MinionPro-Base-Encoding-ac ReEncodeFont" <[base-MinionPro-ac.enc <MinionPro-MediumSubh.pfb
MinionPro-MediumSubh-Base-ad MinionPro-MediumSubh "MinionPro-Base-Encoding-ad ReEncodeFont" <[base-MinionPro-ad.enc <MinionPro-MediumSubh.pfb
MinionPro-MediumSubh-Base-ae MinionPro-MediumSubh "MinionPro-Base-Encoding-ae ReEncodeFont" <[base-MinionPro-ae.enc <MinionPro-MediumSubh.pfb
MinionPro-Regular--lcdfj MinionPro-RegularLCDFJ "" <MinionPro-RegularLCDFJ.pfb
MinionPro-Regular-Base-aa MinionPro-Regular "MinionPro-Base-Encoding-aa ReEncodeFont" <[base-MinionPro-aa.enc <MinionPro-Regular.pfb
MinionPro-Regular-Base-ab MinionPro-Regular "MinionPro-Base-Encoding-ab ReEncodeFont" <[base-MinionPro-ab.enc <MinionPro-Regular.pfb
MinionPro-Regular-Base-ac MinionPro-Regular "MinionPro-Base-Encoding-ac ReEncodeFont" <[base-MinionPro-ac.enc <MinionPro-Regular.pfb
MinionPro-Regular-Base-ad MinionPro-Regular "MinionPro-Base-Encoding-ad ReEncodeFont" <[base-MinionPro-ad.enc <MinionPro-Regular.pfb
MinionPro-Regular-Base-ae MinionPro-Regular "MinionPro-Base-Encoding-ae ReEncodeFont" <[base-MinionPro-ae.enc <MinionPro-Regular.pfb
MinionPro-Semibold--lcdfj MinionPro-SemiboldLCDFJ "" <MinionPro-SemiboldLCDFJ.pfb
MinionPro-Semibold-Base-aa MinionPro-Semibold "MinionPro-Base-Encoding-aa ReEncodeFont" <[base-MinionPro-aa.enc <MinionPro-Semibold.pfb
MinionPro-Semibold-Base-ab MinionPro-Semibold "MinionPro-Base-Encoding-ab ReEncodeFont" <[base-MinionPro-ab.enc <MinionPro-Semibold.pfb
MinionPro-Semibold-Base-ac MinionPro-Semibold "MinionPro-Base-Encoding-ac ReEncodeFont" <[base-MinionPro-ac.enc <MinionPro-Semibold.pfb
MinionPro-Semibold-Base-ad MinionPro-Semibold "MinionPro-Base-Encoding-ad ReEncodeFont" <[base-MinionPro-ad.enc <MinionPro-Semibold.pfb
MinionPro-Semibold-Base-ae MinionPro-Semibold "MinionPro-Base-Encoding-ae ReEncodeFont" <[base-MinionPro-ae.enc <MinionPro-Semibold.pfb
MinionPro-SemiboldCapt--lcdfj MinionPro-SemiboldCaptLCDFJ "" <MinionPro-SemiboldCaptLCDFJ.pfb
MinionPro-SemiboldCapt-Base-aa MinionPro-SemiboldCapt "MinionPro-Base-Encoding-aa ReEncodeFont" <[base-MinionPro-aa.enc <MinionPro-SemiboldCapt.pfb
MinionPro-SemiboldCapt-Base-ab MinionPro-SemiboldCapt "MinionPro-Base-Encoding-ab ReEncodeFont" <[base-MinionPro-ab.enc <MinionPro-SemiboldCapt.pfb
MinionPro-SemiboldCapt-Base-ac MinionPro-SemiboldCapt "MinionPro-Base-Encoding-ac ReEncodeFont" <[base-MinionPro-ac.enc <MinionPro-SemiboldCapt.pfb
MinionPro-SemiboldCapt-Base-ad MinionPro-SemiboldCapt "MinionPro-Base-Encoding-ad ReEncodeFont" <[base-MinionPro-ad.enc <MinionPro-SemiboldCapt.pfb
MinionPro-SemiboldCapt-Base-ae MinionPro-SemiboldCapt "MinionPro-Base-Encoding-ae ReEncodeFont" <[base-MinionPro-ae.enc <MinionPro-SemiboldCapt.pfb
MinionPro-SemiboldDisp--lcdfj MinionPro-SemiboldDispLCDFJ "" <MinionPro-SemiboldDispLCDFJ.pfb
MinionPro-SemiboldDisp-Base-aa MinionPro-SemiboldDisp "MinionPro-Base-Encoding-aa ReEncodeFont" <[base-MinionPro-aa.enc <MinionPro-SemiboldDisp.pfb
MinionPro-SemiboldDisp-Base-ab MinionPro-SemiboldDisp "MinionPro-Base-Encoding-ab ReEncodeFont" <[base-MinionPro-ab.enc <MinionPro-SemiboldDisp.pfb
MinionPro-SemiboldDisp-Base-ac MinionPro-SemiboldDisp "MinionPro-Base-Encoding-ac ReEncodeFont" <[base-MinionPro-ac.enc <MinionPro-SemiboldDisp.pfb
MinionPro-SemiboldDisp-Base-ad MinionPro-SemiboldDisp "MinionPro-Base-Encoding-ad ReEncodeFont" <[base-MinionPro-ad.enc <MinionPro-SemiboldDisp.pfb
MinionPro-SemiboldDisp-Base-ae MinionPro-SemiboldDisp "MinionPro-Base-Encoding-ae ReEncodeFont" <[base-MinionPro-ae.enc <MinionPro-SemiboldDisp.pfb
MinionPro-SemiboldIt--lcdfj MinionPro-SemiboldItLCDFJ "" <MinionPro-SemiboldItLCDFJ.pfb
MinionPro-SemiboldIt-Base-aa MinionPro-SemiboldIt "MinionPro-Base-Encoding-aa ReEncodeFont" <[base-MinionPro-aa.enc <MinionPro-SemiboldIt.pfb
MinionPro-SemiboldIt-Base-ab MinionPro-SemiboldIt "MinionPro-Base-Encoding-ab ReEncodeFont" <[base-MinionPro-ab.enc <MinionPro-SemiboldIt.pfb
MinionPro-SemiboldIt-Base-ac MinionPro-SemiboldIt "MinionPro-Base-Encoding-ac ReEncodeFont" <[base-MinionPro-ac.enc <MinionPro-SemiboldIt.pfb
MinionPro-SemiboldIt-Base-ad MinionPro-SemiboldIt "MinionPro-Base-Encoding-ad ReEncodeFont" <[base-MinionPro-ad.enc <MinionPro-SemiboldIt.pfb
MinionPro-SemiboldIt-Base-ae MinionPro-SemiboldIt "MinionPro-Base-Encoding-ae ReEncodeFont" <[base-MinionPro-ae.enc <MinionPro-SemiboldIt.pfb
MinionPro-SemiboldIt-integral MinionPro-SemiboldIt "MinionPro-Base-Encoding-ad ReEncodeFont" <[base-MinionPro-ad.enc <MinionPro-SemiboldIt.pfb
MinionPro-SemiboldIt-integral-cn1 MinionPro-SemiboldIt "0.85 ExtendFont MinionPro-Base-Encoding-ad ReEncodeFont" <[base-MinionPro-ad.enc <MinionPro-SemiboldIt.pfb
MinionPro-SemiboldIt-integral-cn2 MinionPro-SemiboldIt "0.75 ExtendFont 0.04 SlantFont MinionPro-Base-Encoding-ad ReEncodeFont" <[base-MinionPro-ad.enc <MinionPro-SemiboldIt.pfb
MinionPro-SemiboldItCapt--lcdfj MinionPro-SemiboldItCaptLCDFJ "" <MinionPro-SemiboldItCaptLCDFJ.pfb
MinionPro-SemiboldItCapt-Base-aa MinionPro-SemiboldItCapt "MinionPro-Base-Encoding-aa ReEncodeFont" <[base-MinionPro-aa.enc <MinionPro-SemiboldItCapt.pfb
MinionPro-SemiboldItCapt-Base-ab MinionPro-SemiboldItCapt "MinionPro-Base-Encoding-ab ReEncodeFont" <[base-MinionPro-ab.enc <MinionPro-SemiboldItCapt.pfb
MinionPro-SemiboldItCapt-Base-ac MinionPro-SemiboldItCapt "MinionPro-Base-Encoding-ac ReEncodeFont" <[base-MinionPro-ac.enc <MinionPro-SemiboldItCapt.pfb
MinionPro-SemiboldItCapt-Base-ad MinionPro-SemiboldItCapt "MinionPro-Base-Encoding-ad ReEncodeFont" <[base-MinionPro-ad.enc <MinionPro-SemiboldItCapt.pfb
MinionPro-SemiboldItCapt-Base-ae MinionPro-SemiboldItCapt "MinionPro-Base-Encoding-ae ReEncodeFont" <[base-MinionPro-ae.enc <MinionPro-SemiboldItCapt.pfb
MinionPro-SemiboldItCapt-integral MinionPro-SemiboldItCapt "MinionPro-Base-Encoding-ad ReEncodeFont" <[base-MinionPro-ad.enc <MinionPro-SemiboldItCapt.pfb
MinionPro-SemiboldItCapt-integral-cn1 MinionPro-SemiboldItCapt "0.85 ExtendFont MinionPro-Base-Encoding-ad ReEncodeFont" <[base-MinionPro-ad.enc <MinionPro-SemiboldItCapt.pfb
MinionPro-SemiboldItCapt-integral-cn2 MinionPro-SemiboldItCapt "0.75 ExtendFont 0.04 SlantFont MinionPro-Base-Encoding-ad ReEncodeFont" <[base-MinionPro-ad.enc <MinionPro-SemiboldItCapt.pfb
MinionPro-SemiboldItDisp--lcdfj MinionPro-SemiboldItDispLCDFJ "" <MinionPro-SemiboldItDispLCDFJ.pfb
MinionPro-SemiboldItDisp-Base-aa MinionPro-SemiboldItDisp "MinionPro-Base-Encoding-aa ReEncodeFont" <[base-MinionPro-aa.enc <MinionPro-SemiboldItDisp.pfb
MinionPro-SemiboldItDisp-Base-ab MinionPro-SemiboldItDisp "MinionPro-Base-Encoding-ab ReEncodeFont" <[base-MinionPro-ab.enc <MinionPro-SemiboldItDisp.pfb
MinionPro-SemiboldItDisp-Base-ac MinionPro-SemiboldItDisp "MinionPro-Base-Encoding-ac ReEncodeFont" <[base-MinionPro-ac.enc <MinionPro-SemiboldItDisp.pfb
MinionPro-SemiboldItDisp-Base-ad MinionPro-SemiboldItDisp "MinionPro-Base-Encoding-ad ReEncodeFont" <[base-MinionPro-ad.enc <MinionPro-SemiboldItDisp.pfb
MinionPro-SemiboldItDisp-Base-ae MinionPro-SemiboldItDisp "MinionPro-Base-Encoding-ae ReEncodeFont" <[base-MinionPro-ae.enc <MinionPro-SemiboldItDisp.pfb
MinionPro-SemiboldItDisp-integral MinionPro-SemiboldItDisp "MinionPro-Base-Encoding-ad ReEncodeFont" <[base-MinionPro-ad.enc <MinionPro-SemiboldItDisp.pfb
MinionPro-SemiboldItDisp-integral-cn1 MinionPro-SemiboldItDisp "0.85 ExtendFont MinionPro-Base-Encoding-ad ReEncodeFont" <[base-MinionPro-ad.enc <MinionPro-SemiboldItDisp.pfb
MinionPro-SemiboldItDisp-integral-cn2 MinionPro-SemiboldItDisp "0.75 ExtendFont 0.04 SlantFont MinionPro-Base-Encoding-ad ReEncodeFont" <[base-MinionPro-ad.enc <MinionPro-SemiboldItDisp.pfb
MinionPro-SemiboldItSubh--lcdfj MinionPro-SemiboldItSubhLCDFJ "" <MinionPro-SemiboldItSubhLCDFJ.pfb
MinionPro-SemiboldItSubh-Base-aa MinionPro-SemiboldItSubh "MinionPro-Base-Encoding-aa ReEncodeFont" <[base-MinionPro-aa.enc <MinionPro-SemiboldItSubh.pfb
MinionPro-SemiboldItSubh-Base-ab MinionPro-SemiboldItSubh "MinionPro-Base-Encoding-ab ReEncodeFont" <[base-MinionPro-ab.enc <MinionPro-SemiboldItSubh.pfb
MinionPro-SemiboldItSubh-Base-ac MinionPro-SemiboldItSubh "MinionPro-Base-Encoding-ac ReEncodeFont" <[base-MinionPro-ac.enc <MinionPro-SemiboldItSubh.pfb
MinionPro-SemiboldItSubh-Base-ad MinionPro-SemiboldItSubh "MinionPro-Base-Encoding-ad ReEncodeFont" <[base-MinionPro-ad.enc <MinionPro-SemiboldItSubh.pfb
MinionPro-SemiboldItSubh-Base-ae MinionPro-SemiboldItSubh "MinionPro-Base-Encoding-ae ReEncodeFont" <[base-MinionPro-ae.enc <MinionPro-SemiboldItSubh.pfb
MinionPro-SemiboldItSubh-integral MinionPro-SemiboldItSubh "MinionPro-Base-Encoding-ad ReEncodeFont" <[base-MinionPro-ad.enc <MinionPro-SemiboldItSubh.pfb
MinionPro-SemiboldItSubh-integral-cn1 MinionPro-SemiboldItSubh "0.85 ExtendFont MinionPro-Base-Encoding-ad ReEncodeFont" <[base-MinionPro-ad.enc <MinionPro-SemiboldItSubh.pfb
MinionPro-SemiboldItSubh-integral-cn2 MinionPro-SemiboldItSubh "0.75 ExtendFont 0.04 SlantFont MinionPro-Base-Encoding-ad ReEncodeFont" <[base-MinionPro-ad.enc <MinionPro-SemiboldItSubh.pfb
MinionPro-SemiboldSubh--lcdfj MinionPro-SemiboldSubhLCDFJ "" <MinionPro-SemiboldSubhLCDFJ.pfb
MinionPro-SemiboldSubh-Base-aa MinionPro-SemiboldSubh "MinionPro-Base-Encoding-aa ReEncodeFont" <[base-MinionPro-aa.enc <MinionPro-SemiboldSubh.pfb
MinionPro-SemiboldSubh-Base-ab MinionPro-SemiboldSubh "MinionPro-Base-Encoding-ab ReEncodeFont" <[base-MinionPro-ab.enc <MinionPro-SemiboldSubh.pfb
MinionPro-SemiboldSubh-Base-ac MinionPro-SemiboldSubh "MinionPro-Base-Encoding-ac ReEncodeFont" <[base-MinionPro-ac.enc <MinionPro-SemiboldSubh.pfb
MinionPro-SemiboldSubh-Base-ad MinionPro-SemiboldSubh "MinionPro-Base-Encoding-ad ReEncodeFont" <[base-MinionPro-ad.enc <MinionPro-SemiboldSubh.pfb
MinionPro-SemiboldSubh-Base-ae MinionPro-SemiboldSubh "MinionPro-Base-Encoding-ae ReEncodeFont" <[base-MinionPro-ae.enc <MinionPro-SemiboldSubh.pfb
MinionPro-Subh--lcdfj MinionPro-SubhLCDFJ "" <MinionPro-SubhLCDFJ.pfb
MinionPro-Subh-Base-aa MinionPro-Subh "MinionPro-Base-Encoding-aa ReEncodeFont" <[base-MinionPro-aa.enc <MinionPro-Subh.pfb
MinionPro-Subh-Base-ab MinionPro-Subh "MinionPro-Base-Encoding-ab ReEncodeFont" <[base-MinionPro-ab.enc <MinionPro-Subh.pfb
MinionPro-Subh-Base-ac MinionPro-Subh "MinionPro-Base-Encoding-ac ReEncodeFont" <[base-MinionPro-ac.enc <MinionPro-Subh.pfb
MinionPro-Subh-Base-ad MinionPro-Subh "MinionPro-Base-Encoding-ad ReEncodeFont" <[base-MinionPro-ad.enc <MinionPro-Subh.pfb
MinionPro-Subh-Base-ae MinionPro-Subh "MinionPro-Base-Encoding-ae ReEncodeFont" <[base-MinionPro-ae.enc <MinionPro-Subh.pfb
